// Jest Snapshot v1, https://goo.gl/fbAQLP

exports[`Hero matches snapshot 1`] = `[Function]`;
