// Jest Snapshot v1, https://goo.gl/fbAQLP

exports[`Page404 matches snapshot and renders correctly 1`] = `[Function]`;
