// Jest Snapshot v1, https://goo.gl/fbAQLP

exports[`PageAbout matches snapshot and renders correctly with data 1`] = `[Function]`;

exports[`PageAbout renders correctly when there is no data 1`] = `[Function]`;
