// Jest Snapshot v1, https://goo.gl/fbAQLP

exports[`PageHome matches snapshot 1`] = `[Function]`;
